// Jest Snapshot v1, https://goo.gl/fbAQLP

exports[`renders default 1`] = `
<div
  style={
    Object {
      "height": "400px",
      "position": "absolute",
      "top": "0px",
      "width": "400px",
    }
  }
>
  <div
    style={
      Object {
        "height": "400px",
        "position": "absolute",
        "top": "0px",
        "width": "400px",
      }
    }
  >
    <div
      style={
        Object {
          "backgroundColor": "#000000",
          "float": "left",
          "height": "100%",
          "width": "1.7857142857142858%",
        }
      }
    >
       
    </div>
    <div
      style={
        Object {
          "backgroundColor": "#FF0000",
          "float": "left",
          "height": "100%",
          "width": "10.714285714285714%",
        }
      }
    >
       
    </div>
    <div
      style={
        Object {
          "backgroundColor": "#000000",
          "float": "left",
          "height": "100%",
          "width": "10.714285714285714%",
        }
      }
    >
       
    </div>
    <div
      style={
        Object {
          "backgroundColor": "#FFFF00",
          "float": "left",
          "height": "100%",
          "width": "1.7857142857142858%",
        }
      }
    >
       
    </div>
    <div
      style={
        Object {
          "backgroundColor": "#FFFF00",
          "float": "left",
          "height": "100%",
          "width": "1.7857142857142858%",
        }
      }
    >
       
    </div>
    <div
      style={
        Object {
          "backgroundColor": "#000000",
          "float": "left",
          "height": "100%",
          "width": "10.714285714285714%",
        }
      }
    >
       
    </div>
    <div
      style={
        Object {
          "backgroundColor": "#FF0000",
          "float": "left",
          "height": "100%",
          "width": "10.714285714285714%",
        }
      }
    >
       
    </div>
    <div
      style={
        Object {
          "backgroundColor": "#000000",
          "float": "left",
          "height": "100%",
          "width": "1.7857142857142858%",
        }
      }
    >
       
    </div>
    <div
      style={
        Object {
          "backgroundColor": "#000000",
          "float": "left",
          "height": "100%",
          "width": "1.7857142857142858%",
        }
      }
    >
       
    </div>
    <div
      style={
        Object {
          "backgroundColor": "#FF0000",
          "float": "left",
          "height": "100%",
          "width": "10.714285714285714%",
        }
      }
    >
       
    </div>
    <div
      style={
        Object {
          "backgroundColor": "#000000",
          "float": "left",
          "height": "100%",
          "width": "10.714285714285714%",
        }
      }
    >
       
    </div>
    <div
      style={
        Object {
          "backgroundColor": "#FFFF00",
          "float": "left",
          "height": "100%",
          "width": "1.7857142857142858%",
        }
      }
    >
       
    </div>
    <div
      style={
        Object {
          "backgroundColor": "#FFFF00",
          "float": "left",
          "height": "100%",
          "width": "1.7857142857142858%",
        }
      }
    >
       
    </div>
    <div
      style={
        Object {
          "backgroundColor": "#000000",
          "float": "left",
          "height": "100%",
          "width": "10.714285714285714%",
        }
      }
    >
       
    </div>
    <div
      style={
        Object {
          "backgroundColor": "#FF0000",
          "float": "left",
          "height": "100%",
          "width": "10.714285714285714%",
        }
      }
    >
       
    </div>
    <div
      style={
        Object {
          "backgroundColor": "#000000",
          "float": "left",
          "height": "100%",
          "width": "1.7857142857142858%",
        }
      }
    >
       
    </div>
  </div>
  <div
    style={
      Object {
        "height": "400px",
        "position": "absolute",
        "top": "0px",
        "width": "400px",
      }
    }
  >
    <div
      style={
        Object {
          "backgroundColor": "#FFFF00",
          "height": "1.7857142857142858%",
          "opacity": "0.5",
          "width": "100%",
        }
      }
    >
       
    </div>
    <div
      style={
        Object {
          "backgroundColor": "#000000",
          "height": "10.714285714285714%",
          "opacity": "0.5",
          "width": "100%",
        }
      }
    >
       
    </div>
    <div
      style={
        Object {
          "backgroundColor": "#FF0000",
          "height": "10.714285714285714%",
          "opacity": "0.5",
          "width": "100%",
        }
      }
    >
       
    </div>
    <div
      style={
        Object {
          "backgroundColor": "#000000",
          "height": "1.7857142857142858%",
          "opacity": "0.5",
          "width": "100%",
        }
      }
    >
       
    </div>
    <div
      style={
        Object {
          "backgroundColor": "#000000",
          "height": "1.7857142857142858%",
          "opacity": "0.5",
          "width": "100%",
        }
      }
    >
       
    </div>
    <div
      style={
        Object {
          "backgroundColor": "#FF0000",
          "height": "10.714285714285714%",
          "opacity": "0.5",
          "width": "100%",
        }
      }
    >
       
    </div>
    <div
      style={
        Object {
          "backgroundColor": "#000000",
          "height": "10.714285714285714%",
          "opacity": "0.5",
          "width": "100%",
        }
      }
    >
       
    </div>
    <div
      style={
        Object {
          "backgroundColor": "#FFFF00",
          "height": "1.7857142857142858%",
          "opacity": "0.5",
          "width": "100%",
        }
      }
    >
       
    </div>
    <div
      style={
        Object {
          "backgroundColor": "#FFFF00",
          "height": "1.7857142857142858%",
          "opacity": "0.5",
          "width": "100%",
        }
      }
    >
       
    </div>
    <div
      style={
        Object {
          "backgroundColor": "#000000",
          "height": "10.714285714285714%",
          "opacity": "0.5",
          "width": "100%",
        }
      }
    >
       
    </div>
    <div
      style={
        Object {
          "backgroundColor": "#FF0000",
          "height": "10.714285714285714%",
          "opacity": "0.5",
          "width": "100%",
        }
      }
    >
       
    </div>
    <div
      style={
        Object {
          "backgroundColor": "#000000",
          "height": "1.7857142857142858%",
          "opacity": "0.5",
          "width": "100%",
        }
      }
    >
       
    </div>
    <div
      style={
        Object {
          "backgroundColor": "#000000",
          "height": "1.7857142857142858%",
          "opacity": "0.5",
          "width": "100%",
        }
      }
    >
       
    </div>
    <div
      style={
        Object {
          "backgroundColor": "#FF0000",
          "height": "10.714285714285714%",
          "opacity": "0.5",
          "width": "100%",
        }
      }
    >
       
    </div>
    <div
      style={
        Object {
          "backgroundColor": "#000000",
          "height": "10.714285714285714%",
          "opacity": "0.5",
          "width": "100%",
        }
      }
    >
       
    </div>
    <div
      style={
        Object {
          "backgroundColor": "#FFFF00",
          "height": "1.7857142857142858%",
          "opacity": "0.5",
          "width": "100%",
        }
      }
    >
       
    </div>
  </div>
</div>
`;

exports[`renders when sett specified 1`] = `
<div
  style={
    Object {
      "height": "400px",
      "position": "absolute",
      "top": "0px",
      "width": "400px",
    }
  }
>
  <div
    style={
      Object {
        "height": "400px",
        "position": "absolute",
        "top": "0px",
        "width": "400px",
      }
    }
  >
    <div
      style={
        Object {
          "backgroundColor": "#000000",
          "float": "left",
          "height": "100%",
          "width": "1.7857142857142858%",
        }
      }
    >
       
    </div>
    <div
      style={
        Object {
          "backgroundColor": "#FF0000",
          "float": "left",
          "height": "100%",
          "width": "10.714285714285714%",
        }
      }
    >
       
    </div>
    <div
      style={
        Object {
          "backgroundColor": "#000000",
          "float": "left",
          "height": "100%",
          "width": "4.017857142857143%",
        }
      }
    >
       
    </div>
    <div
      style={
        Object {
          "backgroundColor": "#FF0000",
          "float": "left",
          "height": "100%",
          "width": "6.696428571428571%",
        }
      }
    >
       
    </div>
    <div
      style={
        Object {
          "backgroundColor": "#FFFF00",
          "float": "left",
          "height": "100%",
          "width": "1.7857142857142858%",
        }
      }
    >
       
    </div>
    <div
      style={
        Object {
          "backgroundColor": "#FFFF00",
          "float": "left",
          "height": "100%",
          "width": "1.7857142857142858%",
        }
      }
    >
       
    </div>
    <div
      style={
        Object {
          "backgroundColor": "#FF0000",
          "float": "left",
          "height": "100%",
          "width": "6.696428571428571%",
        }
      }
    >
       
    </div>
    <div
      style={
        Object {
          "backgroundColor": "#000000",
          "float": "left",
          "height": "100%",
          "width": "4.017857142857143%",
        }
      }
    >
       
    </div>
    <div
      style={
        Object {
          "backgroundColor": "#FF0000",
          "float": "left",
          "height": "100%",
          "width": "10.714285714285714%",
        }
      }
    >
       
    </div>
    <div
      style={
        Object {
          "backgroundColor": "#000000",
          "float": "left",
          "height": "100%",
          "width": "1.7857142857142858%",
        }
      }
    >
       
    </div>
    <div
      style={
        Object {
          "backgroundColor": "#000000",
          "float": "left",
          "height": "100%",
          "width": "1.7857142857142858%",
        }
      }
    >
       
    </div>
    <div
      style={
        Object {
          "backgroundColor": "#FF0000",
          "float": "left",
          "height": "100%",
          "width": "10.714285714285714%",
        }
      }
    >
       
    </div>
    <div
      style={
        Object {
          "backgroundColor": "#000000",
          "float": "left",
          "height": "100%",
          "width": "4.017857142857143%",
        }
      }
    >
       
    </div>
    <div
      style={
        Object {
          "backgroundColor": "#FF0000",
          "float": "left",
          "height": "100%",
          "width": "6.696428571428571%",
        }
      }
    >
       
    </div>
    <div
      style={
        Object {
          "backgroundColor": "#FFFF00",
          "float": "left",
          "height": "100%",
          "width": "1.7857142857142858%",
        }
      }
    >
       
    </div>
    <div
      style={
        Object {
          "backgroundColor": "#FFFF00",
          "float": "left",
          "height": "100%",
          "width": "1.7857142857142858%",
        }
      }
    >
       
    </div>
    <div
      style={
        Object {
          "backgroundColor": "#FF0000",
          "float": "left",
          "height": "100%",
          "width": "6.696428571428571%",
        }
      }
    >
       
    </div>
    <div
      style={
        Object {
          "backgroundColor": "#000000",
          "float": "left",
          "height": "100%",
          "width": "4.017857142857143%",
        }
      }
    >
       
    </div>
    <div
      style={
        Object {
          "backgroundColor": "#FF0000",
          "float": "left",
          "height": "100%",
          "width": "10.714285714285714%",
        }
      }
    >
       
    </div>
    <div
      style={
        Object {
          "backgroundColor": "#000000",
          "float": "left",
          "height": "100%",
          "width": "1.7857142857142858%",
        }
      }
    >
       
    </div>
  </div>
  <div
    style={
      Object {
        "height": "400px",
        "position": "absolute",
        "top": "0px",
        "width": "400px",
      }
    }
  >
    <div
      style={
        Object {
          "backgroundColor": "#FFFF00",
          "height": "1.7857142857142858%",
          "opacity": "0.5",
          "width": "100%",
        }
      }
    >
       
    </div>
    <div
      style={
        Object {
          "backgroundColor": "#FF0000",
          "height": "6.696428571428571%",
          "opacity": "0.5",
          "width": "100%",
        }
      }
    >
       
    </div>
    <div
      style={
        Object {
          "backgroundColor": "#000000",
          "height": "4.017857142857143%",
          "opacity": "0.5",
          "width": "100%",
        }
      }
    >
       
    </div>
    <div
      style={
        Object {
          "backgroundColor": "#FF0000",
          "height": "10.714285714285714%",
          "opacity": "0.5",
          "width": "100%",
        }
      }
    >
       
    </div>
    <div
      style={
        Object {
          "backgroundColor": "#000000",
          "height": "1.7857142857142858%",
          "opacity": "0.5",
          "width": "100%",
        }
      }
    >
       
    </div>
    <div
      style={
        Object {
          "backgroundColor": "#000000",
          "height": "1.7857142857142858%",
          "opacity": "0.5",
          "width": "100%",
        }
      }
    >
       
    </div>
    <div
      style={
        Object {
          "backgroundColor": "#FF0000",
          "height": "10.714285714285714%",
          "opacity": "0.5",
          "width": "100%",
        }
      }
    >
       
    </div>
    <div
      style={
        Object {
          "backgroundColor": "#000000",
          "height": "4.017857142857143%",
          "opacity": "0.5",
          "width": "100%",
        }
      }
    >
       
    </div>
    <div
      style={
        Object {
          "backgroundColor": "#FF0000",
          "height": "6.696428571428571%",
          "opacity": "0.5",
          "width": "100%",
        }
      }
    >
       
    </div>
    <div
      style={
        Object {
          "backgroundColor": "#FFFF00",
          "height": "1.7857142857142858%",
          "opacity": "0.5",
          "width": "100%",
        }
      }
    >
       
    </div>
    <div
      style={
        Object {
          "backgroundColor": "#FFFF00",
          "height": "1.7857142857142858%",
          "opacity": "0.5",
          "width": "100%",
        }
      }
    >
       
    </div>
    <div
      style={
        Object {
          "backgroundColor": "#FF0000",
          "height": "6.696428571428571%",
          "opacity": "0.5",
          "width": "100%",
        }
      }
    >
       
    </div>
    <div
      style={
        Object {
          "backgroundColor": "#000000",
          "height": "4.017857142857143%",
          "opacity": "0.5",
          "width": "100%",
        }
      }
    >
       
    </div>
    <div
      style={
        Object {
          "backgroundColor": "#FF0000",
          "height": "10.714285714285714%",
          "opacity": "0.5",
          "width": "100%",
        }
      }
    >
       
    </div>
    <div
      style={
        Object {
          "backgroundColor": "#000000",
          "height": "1.7857142857142858%",
          "opacity": "0.5",
          "width": "100%",
        }
      }
    >
       
    </div>
    <div
      style={
        Object {
          "backgroundColor": "#000000",
          "height": "1.7857142857142858%",
          "opacity": "0.5",
          "width": "100%",
        }
      }
    >
       
    </div>
    <div
      style={
        Object {
          "backgroundColor": "#FF0000",
          "height": "10.714285714285714%",
          "opacity": "0.5",
          "width": "100%",
        }
      }
    >
       
    </div>
    <div
      style={
        Object {
          "backgroundColor": "#000000",
          "height": "4.017857142857143%",
          "opacity": "0.5",
          "width": "100%",
        }
      }
    >
       
    </div>
    <div
      style={
        Object {
          "backgroundColor": "#FF0000",
          "height": "6.696428571428571%",
          "opacity": "0.5",
          "width": "100%",
        }
      }
    >
       
    </div>
    <div
      style={
        Object {
          "backgroundColor": "#FFFF00",
          "height": "1.7857142857142858%",
          "opacity": "0.5",
          "width": "100%",
        }
      }
    >
       
    </div>
  </div>
</div>
`;
